// Jest Snapshot v1, https://goo.gl/fbAQLP

exports[`About component matches snapshot DOM node structure 1`] = `
<DocumentFragment>
  <section
    class="my-5"
  >
    <h1
      id="about"
    >
      Who am I?
    </h1>
    <div
      class="my-2"
    >
      <p>
        This will be the about me section.
      </p>
    </div>
  </section>
</DocumentFragment>
`;
