// Jest Snapshot v1, https://goo.gl/fbAQLP

exports[`Nav component matches snapshot 1`] = `
<DocumentFragment>
  <header>
    <h2>
      <a
        data-testid="link"
        href="/"
      >
        Miriams Portfolio
      </a>
    </h2>
    <nav>
      <ul
        class="flex-row"
      >
        <li
          class="mx-2"
        >
          <a
            data-testid="about"
            href="#about"
          >
            About me
          </a>
        </li>
        <li
          class="mx-2"
        >
          <a
            data-testid="contact"
            href="#contact"
          >
            Contact
          </a>
        </li>
        <li
          class="mx-2"
        >
          <a
            data-testid="project"
            href="#project"
          >
            Project
          </a>
        </li>
        <li
          class="mx-2"
        >
          <a
            data-testid="resume"
            href="#resume"
          >
            Resume
          </a>
        </li>
      </ul>
    </nav>
  </header>
</DocumentFragment>
`;
