// Jest Snapshot v1, https://goo.gl/fbAQLP

exports[`Footer component matches snapshot DOM node structure 1`] = `
<DocumentFragment>
  <footer
    class="footer"
  >
    <h2>
      Made with love by Miriam Santana
    </h2>
    <p>
      Â© 2021 Miriam Santana's Wed Development Inc.
    </p>
  </footer>
</DocumentFragment>
`;
